
Memory Configuration

Name             Origin             Length             Attributes
flash            0x0000000008000000 0x0000000000020000 xr
sram             0x0000000020000000 0x0000000000005000 xrw
*default*        0x0000000000000000 0xffffffffffffffff

Linker script and memory map


.text           0x0000000008000000      0x10c
                0x0000000008000000                . = ALIGN (0x4)
 *(.vectors*)
 .vectors       0x0000000008000000       0x50 startup.o
 *(.text*)
 .text          0x0000000008000050       0xb0 main.o
                0x0000000008000050                main
 .text          0x0000000008000100        0xc startup.o

.data           0x000000000800010c        0xc
 .data          0x000000000800010c        0xc main.o
                0x000000000800010c                GPIOAODR
                0x0000000008000110                GPIOACRH
                0x0000000008000114                RCCAPB
 .data          0x0000000008000118        0x0 startup.o

.igot.plt       0x0000000008000118        0x0
 .igot.plt      0x0000000008000118        0x0 main.o

.glue_7         0x0000000008000118        0x0
 .glue_7        0x0000000008000118        0x0 linker stubs

.glue_7t        0x0000000008000118        0x0
 .glue_7t       0x0000000008000118        0x0 linker stubs

.vfp11_veneer   0x0000000008000118        0x0
 .vfp11_veneer  0x0000000008000118        0x0 linker stubs

.v4_bx          0x0000000008000118        0x0
 .v4_bx         0x0000000008000118        0x0 linker stubs

.iplt           0x0000000008000118        0x0
 .iplt          0x0000000008000118        0x0 main.o

.rel.dyn        0x0000000008000118        0x0
 .rel.iplt      0x0000000008000118        0x0 main.o

.bss            0x0000000020000000        0x0
                0x0000000020000000                . = ALIGN (0x4)
 *(.bss)
 .bss           0x0000000020000000        0x0 main.o
 .bss           0x0000000020000000        0x0 startup.o
                0x0000000020001000                . = (. + 0x1000)
                0x0000000020001000                stack_top = .
LOAD main.o
LOAD startup.o
OUTPUT(learn-in-depth-cortex.elf elf32-littlearm)

.debug_info     0x0000000000000000      0x357
 .debug_info    0x0000000000000000      0x357 main.o

.debug_abbrev   0x0000000000000000       0xc8
 .debug_abbrev  0x0000000000000000       0xc8 main.o

.debug_loc      0x0000000000000000       0x38
 .debug_loc     0x0000000000000000       0x38 main.o

.debug_aranges  0x0000000000000000       0x20
 .debug_aranges
                0x0000000000000000       0x20 main.o

.debug_line     0x0000000000000000       0x8c
 .debug_line    0x0000000000000000       0x8c main.o

.debug_str      0x0000000000000000      0x220
 .debug_str     0x0000000000000000      0x220 main.o
                                        0x247 (size before relaxing)

.comment        0x0000000000000000       0x7b
 .comment       0x0000000000000000       0x7b main.o
                                         0x7c (size before relaxing)

.ARM.attributes
                0x0000000000000000       0x33
 .ARM.attributes
                0x0000000000000000       0x33 main.o
 .ARM.attributes
                0x0000000000000033       0x16 startup.o

.debug_frame    0x0000000000000000       0x2c
 .debug_frame   0x0000000000000000       0x2c main.o
