
Memory Configuration

Name             Origin             Length             Attributes
Mem              0x00000000         0x04000000         xrw
*default*        0x00000000         0xffffffff

Linker script and memory map

                0x00010000                . = 0x10000

.startup        0x00010000       0x10
 startup.o(.text)
 .text          0x00010000       0x10 Startup.o
                0x00010000                reset

.text           0x00010010       0x68
 *(.text)
 .text          0x00010010       0x18 App.o
                0x00010010                main
 .text          0x00010028       0x50 Uart.o
                0x00010028                Uart_Send_text
 *(.rodata)

.glue_7         0x00010078        0x0
 .glue_7        0x00000000        0x0 linker stubs

.glue_7t        0x00010078        0x0
 .glue_7t       0x00000000        0x0 linker stubs

.vfp11_veneer   0x00010078        0x0
 .vfp11_veneer  0x00000000        0x0 linker stubs

.v4_bx          0x00010078        0x0
 .v4_bx         0x00000000        0x0 linker stubs

.iplt           0x00010078        0x0
 .iplt          0x00000000        0x0 Startup.o

.rel.dyn        0x00010078        0x0
 .rel.iplt      0x00000000        0x0 Startup.o

.data           0x00010078       0x20
 *(.data)
 .data          0x00010078        0x0 Startup.o
 .data          0x00010078       0x20 App.o
                0x00010078                message
 .data          0x00010098        0x0 Uart.o

.igot.plt       0x00010098        0x0
 .igot.plt      0x00000000        0x0 Startup.o

.bss            0x00010098        0x0
 *(.bss)
 .bss           0x00010098        0x0 Startup.o
 .bss           0x00010098        0x0 App.o
 .bss           0x00010098        0x0 Uart.o
 *(COMMON)
                0x00011098                . = (. + 0x1000)
                0x00011098                stack_top = .
LOAD App.o
LOAD Uart.o
LOAD Startup.o
OUTPUT(learn-in-depth.elf elf32-littlearm)

.ARM.attributes
                0x00000000       0x2e
 .ARM.attributes
                0x00000000       0x14 Startup.o
 .ARM.attributes
                0x00000014       0x32 App.o
 .ARM.attributes
                0x00000046       0x32 Uart.o

.comment        0x00000000       0x11
 .comment       0x00000000       0x11 App.o
                                 0x12 (size before relaxing)
 .comment       0x00000000       0x12 Uart.o

.debug_info     0x00000000      0x122
 .debug_info    0x00000000       0x6c App.o
 .debug_info    0x0000006c       0xb6 Uart.o

.debug_abbrev   0x00000000       0xbf
 .debug_abbrev  0x00000000       0x5a App.o
 .debug_abbrev  0x0000005a       0x65 Uart.o

.debug_loc      0x00000000       0x58
 .debug_loc     0x00000000       0x2c App.o
 .debug_loc     0x0000002c       0x2c Uart.o

.debug_aranges  0x00000000       0x40
 .debug_aranges
                0x00000000       0x20 App.o
 .debug_aranges
                0x00000020       0x20 Uart.o

.debug_line     0x00000000       0x86
 .debug_line    0x00000000       0x35 App.o
 .debug_line    0x00000035       0x51 Uart.o

.debug_str      0x00000000       0xea
 .debug_str     0x00000000       0x74 App.o
 .debug_str     0x00000074       0x76 Uart.o
                                 0xfa (size before relaxing)

.debug_frame    0x00000000       0x54
 .debug_frame   0x00000000       0x2c App.o
 .debug_frame   0x0000002c       0x28 Uart.o
